{
  "background": {
    "background-color": {
      "declaration": {
        "value": [
          0.9333333333333333,
          0.9333333333333333,
          0.9333333333333333,
          1
        ],
        "prop": "background-color",
        "type": "color",
        "json": "\"@land\""
      },
      "endTime": 1402963200000,
      "startTime": 1402963200000,
      "duration": 0,
      "delay": 0
    }
  },
  "park": {
    "fill-color": {
      "declaration": {
        "value": [
          0.7333333333333333,
          0.8666666666666667,
          0.6666666666666666,
          1
        ],
        "prop": "fill-color",
        "type": "color",
        "json": "\"@park\""
      },
      "endTime": 1402963200000,
      "startTime": 1402963200000,
      "duration": 0,
      "delay": 0
    }
  },
  "water": {
    "fill-color": {
      "declaration": {
        "value": [
          0.6,
          0.6,
          0.6,
          1
        ],
        "prop": "fill-color",
        "type": "color",
        "json": "\"#999\""
      },
      "endTime": 1402963200000,
      "startTime": 1402963200000,
      "duration": 0,
      "delay": 0
    }
  },
  "roads": {
    "composite-opacity": {
      "declaration": {
        "value": 1,
        "prop": "composite-opacity",
        "type": "number",
        "json": "1"
      },
      "endTime": 1402963200000,
      "startTime": 1402963200000,
      "duration": 0,
      "delay": 0
    }
  },
  "road": {
    "line-color": {
      "declaration": {
        "value": [
          0.996078431372549,
          0.996078431372549,
          0.996078431372549,
          1
        ],
        "prop": "line-color",
        "type": "color",
        "json": "\"@road\""
      },
      "endTime": 1402963200000,
      "startTime": 1402963200000,
      "duration": 0,
      "delay": 0
    },
    "line-blur": {
      "declaration": {
        "value": 1,
        "prop": "line-blur",
        "type": "number",
        "json": "\"@road_blur\""
      },
      "endTime": 1402963200000,
      "startTime": 1402963200000,
      "duration": 0,
      "delay": 0
    },
    "line-width": {
      "declaration": {
        "prop": "line-width",
        "type": "number",
        "json": "{\"stops\":[[13.11458208048225,1],[19,52.877877998352055]]}"
      },
      "endTime": 1402963200000,
      "startTime": 1402963200000,
      "duration": 0,
      "delay": 0
    }
  },
  "building": {
    "fill-color": {
      "declaration": {
        "value": [
          0.8666666666666667,
          0.8666666666666667,
          0.8666666666666667,
          1
        ],
        "prop": "fill-color",
        "type": "color",
        "json": "\"@building\""
      },
      "endTime": 1402963200000,
      "startTime": 1402963200000,
      "duration": 0,
      "delay": 0
    },
    "fill-opacity": {
      "declaration": {
        "prop": "fill-opacity",
        "type": "number",
        "json": "{\"base\":1.01,\"stops\":[[13,0],[14,1]]}"
      },
      "endTime": 1402963200000,
      "startTime": 1402963200000,
      "duration": 0,
      "delay": 0
    },
    "fill-outline-color": {
      "declaration": {
        "value": [
          0.8,
          0.8,
          0.8,
          1
        ],
        "prop": "fill-outline-color",
        "type": "color",
        "json": "\"@building_outline\""
      },
      "endTime": 1402963200000,
      "startTime": 1402963200000,
      "duration": 0,
      "delay": 0
    }
  },
  "borders": {
    "line-color": {
      "declaration": {
        "value": [
          0,
          0,
          0,
          0.3
        ],
        "prop": "line-color",
        "type": "color",
        "json": "\"rgba(0,0,0,0.3)\""
      },
      "endTime": 1402963200000,
      "startTime": 1402963200000,
      "duration": 0,
      "delay": 0
    },
    "line-width": {
      "declaration": {
        "value": 1,
        "prop": "line-width",
        "type": "number",
        "json": "1"
      },
      "endTime": 1402963200000,
      "startTime": 1402963200000,
      "duration": 0,
      "delay": 0
    }
  },
  "poi": {},
  "country_label": {
    "text-halo-color": {
      "declaration": {
        "value": [
          1,
          1,
          1,
          0.7
        ],
        "prop": "text-halo-color",
        "type": "color",
        "json": "\"rgba(255,255,255,0.7)\""
      },
      "endTime": 1402963200000,
      "startTime": 1402963200000,
      "duration": 0,
      "delay": 0
    },
    "text-halo-width": {
      "declaration": {
        "value": 0.25,
        "prop": "text-halo-width",
        "type": "number",
        "json": "\"@stroke_width\""
      },
      "endTime": 1402963200000,
      "startTime": 1402963200000,
      "duration": 0,
      "delay": 0
    },
    "text-color": {
      "declaration": {
        "value": [
          0,
          0,
          0,
          1
        ],
        "prop": "text-color",
        "type": "color",
        "json": "\"@text\""
      },
      "endTime": 1402963200000,
      "startTime": 1402963200000,
      "duration": 0,
      "delay": 0
    }
  },
  "road_label": {
    "text-color": {
      "declaration": {
        "value": [
          0,
          0,
          0,
          1
        ],
        "prop": "text-color",
        "type": "color",
        "json": "\"@text\""
      },
      "endTime": 1402963200000,
      "startTime": 1402963200000,
      "duration": 0,
      "delay": 0
    },
    "text-halo-color": {
      "declaration": {
        "value": [
          1,
          1,
          1,
          0.7
        ],
        "prop": "text-halo-color",
        "type": "color",
        "json": "\"rgba(255,255,255,0.7)\""
      },
      "endTime": 1402963200000,
      "startTime": 1402963200000,
      "duration": 0,
      "delay": 0
    },
    "text-halo-width": {
      "declaration": {
        "value": 0.25,
        "prop": "text-halo-width",
        "type": "number",
        "json": "\"@stroke_width\""
      },
      "endTime": 1402963200000,
      "startTime": 1402963200000,
      "duration": 0,
      "delay": 0
    },
    "text-size": {
      "declaration": {
        "prop": "text-size",
        "type": "number",
        "json": "{\"stops\":[[4.770835839035499,8.01],[15.477225251693334,12]]}"
      },
      "endTime": 1402963200000,
      "startTime": 1402963200000,
      "duration": 0,
      "delay": 0
    }
  }
}