[
  {
    "fontstack": "Test",
    "glyph": 104,
    "x": -10,
    "y": 0
  },
  {
    "fontstack": "Test",
    "glyph": 105,
    "x": 4,
    "y": 0
  }
]