[
  {
    "fontstack": "Test",
    "glyph": 97,
    "x": -38.5,
    "y": 0
  },
  {
    "fontstack": "Test",
    "glyph": 98,
    "x": -22.5,
    "y": 0
  },
  {
    "fontstack": "Test",
    "glyph": 99,
    "x": -5.5,
    "y": 0
  },
  {
    "fontstack": "Test",
    "glyph": 100,
    "x": 8.5,
    "y": 0
  },
  {
    "fontstack": "Test",
    "glyph": 101,
    "x": 25.5,
    "y": 0
  }
]